// Jest Snapshot v1, https://goo.gl/fbAQLP

exports[`Hero title rendered correctly 1`] = `
Array [
  <h1>
    Hourly Rate Calculator
  </h1>,
  <h3>
    <q>
      Time is money
    </q>
     as Benjamin Franklin Said.
  </h3>,
]
`;
